===== Auditoria de Seguranca - Sat Aug  8 02:46:50 AM UTC 2026 =====

--- Tentativa 1 (SEM chave de API) ---
HTTP/1.1 401 Unauthorized
X-Powered-By: Express
Access-Control-Allow-Origin: *
Content-Type: application/json; charset=utf-8
Content-Length: 73
ETag: W/"49-VocKX6oX/pI0y+4oQzHnxXXilzU"
Date: Sat, 08 Aug 2026 02:46:50 GMT
Connection: keep-alive
Keep-Alive: timeout=5

{"erro":"Acesso nao autorizado. Header 'X-API-KEY' invalido ou ausente."}

--- Tentativa 2 (SEM chave de API) ---
HTTP/1.1 401 Unauthorized
X-Powered-By: Express
Access-Control-Allow-Origin: *
Content-Type: application/json; charset=utf-8
Content-Length: 73
ETag: W/"49-VocKX6oX/pI0y+4oQzHnxXXilzU"
Date: Sat, 08 Aug 2026 02:46:50 GMT
Connection: keep-alive
Keep-Alive: timeout=5

{"erro":"Acesso nao autorizado. Header 'X-API-KEY' invalido ou ausente."}

--- Tentativa 3 (SEM chave de API) ---
HTTP/1.1 401 Unauthorized
X-Powered-By: Express
Access-Control-Allow-Origin: *
Content-Type: application/json; charset=utf-8
Content-Length: 73
ETag: W/"49-VocKX6oX/pI0y+4oQzHnxXXilzU"
Date: Sat, 08 Aug 2026 02:46:50 GMT
Connection: keep-alive
Keep-Alive: timeout=5

{"erro":"Acesso nao autorizado. Header 'X-API-KEY' invalido ou ausente."}

--- Tentativa 4 (COM chave de API valida) ---
HTTP/1.1 200 OK
X-Powered-By: Express
Access-Control-Allow-Origin: *
Content-Type: application/json; charset=utf-8
Content-Length: 233
ETag: W/"e9-GjlMNa2mViU+oaM+SuM9X651m18"
Date: Sat, 08 Aug 2026 02:46:50 GMT
Connection: keep-alive
Keep-Alive: timeout=5

[{"id":1,"nome":"Carlos Silva","cnh":"12345678900","categoria":"E","ativo":true},{"id":2,"nome":"Ana Pereira","cnh":"98765432100","categoria":"D","ativo":true},{"id":3,"nome":"Teste","cnh":"12345678901","categoria":"B","ativo":true}]

===== Fim da Auditoria =====
